// Jest Snapshot v1, https://goo.gl/fbAQLP

exports[`<Alert /> render correctly 1`] = `
<span
  className="sc-bdVaJa hYmdNH"
>
  This is default prop.
</span>
`;
